// Jest Snapshot v1, https://goo.gl/fbAQLP

exports[`async actions creates getPlayer action 1`] = `
Array [
  Object {
    "type": "GET_PLAYER_PENDING",
  },
  Object {
    "error": [TypeError: Network request failed],
    "type": "GET_PLAYER_ERROR",
  },
]
`;
